Script started on 2025-08-01 21:22:02-03:00 [TERM="tmux-256color" TTY="/dev/pts/6" COLUMNS="170" LINES="57"]
[?2004hroot@silver:~/www/study/unifor/projects/unifor-git-workshop# [7mgit checkout -b feature-a[27mgit checkout -b feature-a
[?2004lSwitched to a new branch 'feature-a'
[?2004hroot@silver:~/www/study/unifor/projects/unifor-git-workshop# ech [Ko "Line A" > file.txt 
[?2004l[?2004hroot@silver:~/www/study/unifor/projects/unifor-git-workshop# git add file.txt 
[?2004l[?2004hroot@silver:~/www/study/unifor/projects/unifor-git-workshop# git commit -m ":sparkles: feat: Feature A"
[?2004l[feature-a 4038f87] :sparkles: feat: Feature A
 1 file changed, 1 insertion(+), 1 deletion(-)
[?2004hroot@silver:~/www/study/unifor/projects/unifor-git-workshop# [7mgit checkout main[27mgit checkout main
[?2004lSwitched to branch 'main'
[?2004hroot@silver:~/www/study/unifor/projects/unifor-git-workshop# [7mgit checkout -b feature-b[27mgit checkout -b feature-b
[?2004lSwitched to a new branch 'feature-b'
[?2004hroot@silver:~/www/study/unifor/projects/unifor-git-workshop# git checkout -b feature-b[8Pmainommit -m ":sparkles: feat: Feature A"[25Padd file.txt [8@echo "Line A" >[C[C[C[C[C[C[C[C[C[C[C[1P[1@B
[?2004l[?2004hroot@silver:~/www/study/unifor/projects/unifor-git-workshop# git add file.txt 
[?2004l[?2004hroot@silver:~/www/study/unifor/projects/unifor-git-workshop# git add file.txt [8@echo "Line B" >[C[C[C[C[C[C[C[C[C[Cgit checkout -b feature-b[8Pmainommit -m ":sparkles: feat: Feature A"[25Padd file.txt commit -m ":sparkles: feat: Feature A"[1P"B"
[?2004l[feature-b a5d100c] :sparkles: feat: Feature B
 1 file changed, 1 insertion(+), 1 deletion(-)
[?2004hroot@silver:~/www/study/unifor/projects/unifor-git-workshop# [7mgit checkout main[27mgit checkout main
[?2004lSwitched to branch 'main'
[?2004hroot@silver:~/www/study/unifor/projects/unifor-git-workshop# [7mgit merge feature-a[27mgit merge feature-a
[?2004lUpdating 2e4db91..4038f87
Fast-forward
 file.txt | 2 [32m+[m[31m-[m
 1 file changed, 1 insertion(+), 1 deletion(-)
[?2004hroot@silver:~/www/study/unifor/projects/unifor-git-workshop# [7mgit merge feature-b[27mgit merge feature-b
[?2004lAuto-merging file.txt
CONFLICT (content): Merge conflict in file.txt
Automatic merge failed; fix conflicts and then commit the result.
[?2004hroot@silver:~/www/study/unifor/projects/unifor-git-workshop# git status[K[K[K[K[K[K[K[K[K[Kvim file.txt 
[?2004l[?1049h[?1h=[?2004h[1;57r[27m[24m[23m[0m[38;5;231m[H[J[?25l[57;1H"file.txt" 5L, 53B[2;1H▽[6n[2;1H  [3;1HPzz\[0%m[6n[3;1H           [1;1H[>c[1;1H[38;5;145m1   [0m[38;5;231m[48;5;235m<<<<<<< HEAD                                                                                                                                                          [0m[38;5;231m[2;1H[38;5;145m  1 [0m[38;5;231mLine A[2;11H[K[3;1H[38;5;145m  2 [0m[38;5;231m=======[3;12H[K[4;1H[38;5;145m  3 [0m[38;5;231mLine B
[38;5;145m  4 [0m[38;5;231m>>>>>>> feature-b
[38;5;145m~                                                                                                                                                                         [7;1H~                                                                                                                                                                         [8;1H~                                                                                                                                                                         [9;1H~                                                                                                                                                                         [10;1H~                                                                                                                                                                         [11;1H~                                                                                                                                                                         [12;1H~                                                                                                                                                                         [13;1H~                                                                                                                                                                         [14;1H~                                                                                                                                                                         [15;1H~                                                                                                                                                                         [16;1H~                                                                                                                                                                         [17;1H~                                                                                                                                                                         [18;1H~                                                                                                                                                                         [19;1H~                                                                                                                                                                         [20;1H~                                                                                                                                                                         [21;1H~                                                                                                                                                                         [22;1H~                                                                                                                                                                         [23;1H~                                                                                                                                                                         [24;1H~                                                                                                                                                                         [25;1H~                                                                                                                                                                         [26;1H~                                                                                                                                                                         [27;1H~                                                                                                                                                                         [28;1H~                                                                                                                                                                         [29;1H~                                                                                                                                                                         [30;1H~                                                                                                                                                                         [31;1H~                                                                                                                                                                         [32;1H~                                                                                                                                                                         [33;1H~                                                                                                                                                                         [34;1H~                                                                                                                                                                         [35;1H~                                                                                                                                                                         [36;1H~                                                                                                                                                                         [37;1H~                                                                                                                                                                         [38;1H~                                                                                                                                                                         [39;1H~                                                                                                                                                                         [40;1H~                                                                                                                                                                         [41;1H~                                                                                                                                                                         [42;1H~                                                                                                                                                                         [43;1H~                                                                                                                                                                         [44;1H~                                                                                                                                                                         [45;1H~                                                                                                                                                                         [46;1H~                                                                                                                                                                         [47;1H~                                                                                                                                                                         [48;1H~                                                                                                                                                                         [49;1H~                                                                                                                                                                         [50;1H~                                                                                                                                                                         [51;1H~                                                                                                                                                                         [52;1H~                                                                                                                                                                         [53;1H~                                                                                                                                                                         [54;1H~                                                                                                                                                                         [55;1H~                                                                                                                                                                         [0m[38;5;231m[56;1H[1m[38;5;232m[48;5;117m NORMAL [0m[38;5;231m[38;5;231m[48;5;239m ᚠ main [0m[38;5;231m[38;5;231m[48;5;239m file.txt                                                                                      text [0m[38;5;231m[38;5;231m[48;5;239m utf-8[unix] [0m[38;5;231m[38;5;232m[48;5;117m 9 words 20%[0m[38;5;231m[1m[38;5;232m[48;5;117m ㏑: 1/5≡[56;151H℅[56;152H:1[0m[38;5;231m[38;5;232m[48;5;117m [0m[38;5;231m[38;5;232m[48;5;166m ☲ [3]conflicts ]0;~/www/study/unifor/projects/unifor-git-workshop/file.txt[1;5H[34h[?25h[?25l[34h[?25h[?25l[34h[?25h[?25l[34h[?25h[?25l[34h[?25h]0;~/www/study/unifor/projects/unifor-git-workshop/file.txt]0;~/www/study/unifor/projects/unifor-git-workshop/file.txt]0;~/www/study/unifor/projects/unifor-git-workshop/file.txt]0;~/www/study/unifor/projects/unifor-git-workshop/file.txt[?25l[34h[?25h[?25l[34h[?25h[?25l[34h[?25h[?25l[0m[38;5;231m[32m+ [0m[38;5;231m[38;5;145m1   [0m[38;5;231m[5C[48;5;235m<< HEAD[0m[38;5;231m
[32m+ [0m[38;5;231m[38;5;145m  1 [0m[38;5;231mLine A
[32m+ [0m[38;5;231m[38;5;145m  2 [0m[38;5;231m=======
[32m+ [0m[38;5;231m[38;5;145m  3 [0m[38;5;231mLine B
[32m+ [0m[38;5;231m[38;5;145m  4 [0m[38;5;231m>>>>>>> feature-b[56;10H[38;5;231m[48;5;239m+5 ~0 -0 ᚠ main! [0m[38;5;231m[1C[38;5;231m[48;5;239mfile.txt[1;7H[34h[?25h[?25l[34h[?25h[?25l[34h[?25h[?25l[0m[38;5;231m[48;5;235mLine A      [0m[38;5;231m[2;7H=======[3;7HLine B[3;13H[K[4;7H>>>>>>> feature-b
[38;5;145m~                                                                                                                                                                         [0m[38;5;231m[56;27H[93m[48;5;239m file.txt[+]                                                                        [0m[38;5;231m[20C[38;5;232m[48;5;117m7[8C5[0m[38;5;231m[8C[1m[38;5;232m[48;5;117m4[1;7H[34h[?25h[?25l[0m[38;5;231m[1;3H[38;5;145m  1 [0m[38;5;231mLine A[1;13H[K[2;3H[38;5;145m2   [0m[38;5;231m[48;5;235m=======                                                                                                                                                             [0m[38;5;231m[3;5H[38;5;145m1[4;5H2[0m[38;5;231m[56;139H[38;5;232m[48;5;117m50[0m[38;5;231m[6C[1m[38;5;232m[48;5;117m2[2;7H[34h[?25h[?25l[0m[38;5;231m=[38;5;231m[48;5;239m====== [0m[38;5;231m[2;15H[K[57;1H[32m-- VISUAL LINE --[0m[38;5;231m[57;18H[K[56;1H[1m[38;5;235m[48;5;111m V-LINE [0m[38;5;231m[121C[38;5;235m[48;5;111m 1 words 50%[0m[38;5;231m[1m[38;5;235m[48;5;111m ㏑: 2/4≡[56;151H℅[56;152H:1[0m[38;5;231m[38;5;235m[48;5;111m [2;7H[34h[?25h[?25l[0m[38;5;231m[1;5H[38;5;145m2[2;3H  1 [0m[38;5;231m[38;5;231m[48;5;239m=[0m[38;5;231m[3;3H[38;5;145m3   [0m[38;5;231mL[38;5;231m[48;5;239mine B [0m[38;5;231m[4;5H[38;5;145m1[0m[38;5;231m[56;131H[38;5;235m[48;5;111m3[7C75[0m[38;5;231m[6C[1m[38;5;235m[48;5;111m3[3;7H[34h[?25h[?25l[0m[38;5;231m[1;5H[38;5;145m3[2;5H2[3;3H  1 [0m[38;5;231m[38;5;231m[48;5;239mL[0m[38;5;231m[4;3H[38;5;145m4   [0m[38;5;231m>[38;5;231m[48;5;239m>>>>>> feature-b [0m[38;5;231m[56;110H[38;5;231m[48;5;239m text [0m[38;5;231m[38;5;231m[48;5;239m utf-8[unix] [0m[38;5;231m[38;5;235m[48;5;111m 5 words 100[0m[38;5;231m[6C[1m[38;5;235m[48;5;111m4[4;7H[34h[?25h[?25l[0m[38;5;231m[57;1H3 fewer lines[57;14H[K[1;3H[38;5;145m1   [0m[38;5;231m[48;5;235mLine A                                                                                                                                                              [0m[38;5;231m[2;1H[38;5;145m~                                                                                                                                                                         [3;1H~                                                                                                                                                                         [4;1H~                                                                                                                                                                         [0m[38;5;231m[56;1H[1m[38;5;232m[48;5;117m NORMAL [0m[38;5;231m[120C[38;5;232m[48;5;117m 2 words 100%[0m[38;5;231m[1m[38;5;232m[48;5;117m ㏑: 1/1≡[56;151H℅[56;152H:1[0m[38;5;231m[38;5;232m[48;5;117m [1;7H[34h[?25h[?25l[0m[38;5;231m[57;1H[K[57;1H:[56;2H[1m[38;5;232m[48;5;117mCOMMAND [0m[38;5;231m[38;5;231m[48;5;239m +5 ~0 -0 ᚠ main! [0m[38;5;231m[93m[48;5;239m file.txt[+]
[0m[38;5;231m:[34h[?25hwq[?25l[?2004l"file.txt" 1L, 7B written]0;
[39;49m[?2004l[?1l>[?1049l[34h[?25h[?2004hroot@silver:~/www/study/unifor/projects/unifor-git-workshop# git status
[?2004lOn branch main
You have unmerged paths.
  (fix conflicts and run "git commit")
  (use "git merge --abort" to abort the merge)

Unmerged paths:
  (use "git add <file>..." to mark resolution)
	[31mboth modified:   file.txt[m

Untracked files:
  (use "git add <file>..." to include in what will be committed)
	[31mlab2-session2.txt[m

no changes added to commit (use "git add" and/or "git commit -a")
[?2004hroot@silver:~/www/study/unifor/projects/unifor-git-workshop# git add file.txt 
[?2004l[?2004hroot@silver:~/www/study/unifor/projects/unifor-git-workshop# git commit -m ":[KSolve conflicts between features A n[Kand B"
[?2004l[main b0f2a5e] Solve conflicts between features A and B
[?2004hroot@silver:~/www/study/unifor/projects/unifor-git-workshop# git log --oneline --all
[?2004l[?1h=[33mb0f2a5e[m[33m ([m[1;36mHEAD[m[33m -> [m[1;32mmain[m[33m)[m Solve conflicts between features A and B[m
[33ma5d100c[m[33m ([m[1;32mfeature-b[m[33m)[m :sparkles: feat: Feature B[m
[33m4038f87[m[33m ([m[1;32mfeature-a[m[33m)[m :sparkles: feat: Feature A[m
[33m2e4db91[m :sparkles: feat: Update app file to V3 main[m
[33m0284b4c[m[33m ([m[1;32mtest[m[33m, [m[1;32mprod[m[33m)[m :sparkles: feat: Create V2 main app file[m
[33m02257ca[m :sparkles: feat: Create labs directory[m
[33m9620a15[m :sparkles: feat: Reset text file[m
[33m11988da[m :sparkles: feat: Add a new line to text file[m
[33m68809ad[m :sparkles: feat: Create text file[m
[33m3efcbc2[m :sparkles: feat: README V4[m
[33m2bff1c2[m :sparkles: feat: README V3[m
[33m5ad14d6[m :sparkles: feat: README V2[m
[33m6093b08[m :sparkles: feat: README V1[m
[33mb2864e8[m :bug: fix: Fix reverted V2[m
[33m004cdbd[m :sparkles: feat: V2[m
[33m40dbab4[m :sparkles: feat: V1[m
[K[?1l>[?2004hroot@silver:~/www/study/unifor/projects/unifor-git-workshop# exit
[?2004lexit

Script done on 2025-08-01 21:25:11-03:00 [COMMAND_EXIT_CODE="0"]
